// Jest Snapshot v1, https://goo.gl/fbAQLP

exports[`TextField renders correctly 1`] = `
<input
  className="sc-AxjAm bomKSO"
/>
`;
